[root@otuslinux ~]# umount /dev/md10 ; mdadm -S /dev/md10 ; mdadm --zero-superblock /dev/sd{d,e,f,g}
umount: /dev/md10: not mounted
mdadm: stopped /dev/md10
[root@otuslinux ~]# umount /dev/md10 ; mdadm -S /dev/md10 ; mdadm --zero-superblock /dev/sd{d,e,f,g}
umount: /dev/md10: mountpoint not found
mdadm: error opening /dev/md10: No such file or directory
mdadm: Unrecognised md component device - /dev/sdd
mdadm: Unrecognised md component device - /dev/sde
mdadm: Unrecognised md component device - /dev/sdf
mdadm: Unrecognised md component device - /dev/sdg

[root@otuslinux ~]# sh /vagrant/raid_creation.sh
mdadm: Unrecognised md component device - /dev/sdd
mdadm: Unrecognised md component device - /dev/sde
mdadm: Unrecognised md component device - /dev/sdf
mdadm: Unrecognised md component device - /dev/sdg
mdadm: Defaulting to version 1.2 metadata
mdadm: array /dev/md10 started.
GPT fdisk (gdisk) version 0.8.6

Partition table scan:
  MBR: protective
  BSD: not present
  APM: not present
  GPT: present

Found valid GPT with protective MBR; using GPT.

Command (? for help): This option deletes all partitions and creates a new protective MBR.
Proceed? (Y/N):
Command (? for help): Partition number (1-128, default 1): First sector (34-1015774, default = 2048) or {+-}size{KMGTP}: Last sector (2048-1015774, default = 1015774) or {+-}size{KMGTP}: Current type is 'Linux filesystem'
Hex code or GUID (L to show codes, Enter = 8300): Changed type of partition to 'Linux filesystem'

Command (? for help): Partition number (2-128, default 2): First sector (34-1015774, default = 45056) or {+-}size{KMGTP}: Last sector (45056-1015774, default = 1015774) or {+-}size{KMGTP}: Current type is 'Linux filesystem'
Hex code or GUID (L to show codes, Enter = 8300): Changed type of partition to 'Linux filesystem'

Command (? for help): Partition number (3-128, default 3): First sector (34-1015774, default = 90112) or {+-}size{KMGTP}: Last sector (90112-1015774, default = 1015774) or {+-}size{KMGTP}: Current type is 'Linux filesystem'
Hex code or GUID (L to show codes, Enter = 8300): Changed type of partition to 'Linux filesystem'

Command (? for help): Partition number (4-128, default 4): First sector (34-1015774, default = 137216) or {+-}size{KMGTP}: Last sector (137216-1015774, default = 1015774) or {+-}size{KMGTP}: Current type is 'Linux filesystem'
Hex code or GUID (L to show codes, Enter = 8300): Changed type of partition to 'Linux filesystem'

Command (? for help): Disk /dev/md10: 1015808 sectors, 496.0 MiB
Logical sector size: 512 bytes
Disk identifier (GUID): E9AFF265-526E-4EEA-BD61-996AC6ECF912
Partition table holds up to 128 entries
First usable sector is 34, last usable sector is 1015774
Partitions will be aligned on 2048-sector boundaries
Total free space is 831421 sectors (406.0 MiB)

Number  Start (sector)    End (sector)  Size       Code  Name
   1            2048           45055   21.0 MiB    8300  Linux filesystem
   2           45056           90111   22.0 MiB    8300  Linux filesystem
   3           90112          137215   23.0 MiB    8300  Linux filesystem
   4          137216          186367   24.0 MiB    8300  Linux filesystem

Command (? for help):
Final checks complete. About to write GPT data. THIS WILL OVERWRITE EXISTING
PARTITIONS!!

Do you want to proceed? (Y/N): OK; writing new GUID partition table (GPT) to /dev/md10.
The operation has completed successfully.
mke2fs 1.42.9 (28-Dec-2013)
Filesystem label=
OS type: Linux
Block size=1024 (log=0)
Fragment size=1024 (log=0)
Stride=512 blocks, Stripe width=1024 blocks
5376 inodes, 21504 blocks
1075 blocks (5.00%) reserved for the super user
First data block=1
Maximum filesystem blocks=22020096
3 block groups
8192 blocks per group, 8192 fragments per group
1792 inodes per group
Superblock backups stored on blocks:
	8193

Allocating group tables: done
Writing inode tables: done
Creating journal (1024 blocks): done
Writing superblocks and filesystem accounting information: done

mke2fs 1.42.9 (28-Dec-2013)
Filesystem label=
OS type: Linux
Block size=1024 (log=0)
Fragment size=1024 (log=0)
Stride=512 blocks, Stripe width=1024 blocks
5640 inodes, 22528 blocks
1126 blocks (5.00%) reserved for the super user
First data block=1
Maximum filesystem blocks=23068672
3 block groups
8192 blocks per group, 8192 fragments per group
1880 inodes per group
Superblock backups stored on blocks:
	8193

Allocating group tables: done
Writing inode tables: done
Creating journal (1024 blocks): done
Writing superblocks and filesystem accounting information: done

mke2fs 1.42.9 (28-Dec-2013)
Filesystem label=
OS type: Linux
Block size=1024 (log=0)
Fragment size=1024 (log=0)
Stride=512 blocks, Stripe width=1024 blocks
5904 inodes, 23552 blocks
1177 blocks (5.00%) reserved for the super user
First data block=1
Maximum filesystem blocks=24117248
3 block groups
8192 blocks per group, 8192 fragments per group
1968 inodes per group
Superblock backups stored on blocks:
	8193

Allocating group tables: done
Writing inode tables: done
Creating journal (1024 blocks): done
Writing superblocks and filesystem accounting information: done

mke2fs 1.42.9 (28-Dec-2013)
Filesystem label=
OS type: Linux
Block size=1024 (log=0)
Fragment size=1024 (log=0)
Stride=512 blocks, Stripe width=1024 blocks
6144 inodes, 24576 blocks
1228 blocks (5.00%) reserved for the super user
First data block=1
Maximum filesystem blocks=25165824
3 block groups
8192 blocks per group, 8192 fragments per group
2048 inodes per group
Superblock backups stored on blocks:
	8193

Allocating group tables: done
Writing inode tables: done
Creating journal (1024 blocks): done
Writing superblocks and filesystem accounting information: done

[root@otuslinux ~]# df -h
Filesystem                       Size  Used Avail Use% Mounted on
/dev/mapper/VolGroup00-LogVol00   38G  2.0G   36G   6% /
devtmpfs                         487M     0  487M   0% /dev
tmpfs                            496M     0  496M   0% /dev/shm
tmpfs                            496M  6.8M  490M   2% /run
tmpfs                            496M     0  496M   0% /sys/fs/cgroup
/dev/sda2                       1014M   63M  952M   7% /boot
tmpfs                            100M     0  100M   0% /run/user/1000
/dev/md1p1                       113M  1.6M  103M   2% /mnt
/dev/md10p1                       20M  348K   18M   2% /raid_10/partition_1
/dev/md10p2                       21M  364K   19M   2% /raid_10/partition_2
/dev/md10p3                       22M  380K   20M   2% /raid_10/partition_3
/dev/md10p4                       23M  396K   21M   2% /raid_10/partition_4

[root@otuslinux ~]# lsblk
NAME                    MAJ:MIN RM  SIZE RO TYPE   MOUNTPOINT
sda                       8:0    0   40G  0 disk
├─sda1                    8:1    0    1M  0 part
├─sda2                    8:2    0    1G  0 part   /boot
└─sda3                    8:3    0   39G  0 part
  ├─VolGroup00-LogVol00 253:0    0 37.5G  0 lvm    /
  └─VolGroup00-LogVol01 253:1    0  1.5G  0 lvm    [SWAP]
sdb                       8:16   0  125M  0 disk
└─md1                     9:1    0  124M  0 raid1
  └─md1p1               259:0    0  120M  0 md     /mnt
sdc                       8:32   0  125M  0 disk
└─md1                     9:1    0  124M  0 raid1
  └─md1p1               259:0    0  120M  0 md     /mnt
sdd                       8:48   0  250M  0 disk
└─md10                    9:10   0  496M  0 raid10
  ├─md10p1              259:1    0   21M  0 md     /raid_10/partition_1
  ├─md10p2              259:2    0   22M  0 md     /raid_10/partition_2
  ├─md10p3              259:3    0   23M  0 md     /raid_10/partition_3
  └─md10p4              259:4    0   24M  0 md     /raid_10/partition_4
sde                       8:64   0  250M  0 disk
└─md10                    9:10   0  496M  0 raid10
  ├─md10p1              259:1    0   21M  0 md     /raid_10/partition_1
  ├─md10p2              259:2    0   22M  0 md     /raid_10/partition_2
  ├─md10p3              259:3    0   23M  0 md     /raid_10/partition_3
  └─md10p4              259:4    0   24M  0 md     /raid_10/partition_4
sdf                       8:80   0  250M  0 disk
└─md10                    9:10   0  496M  0 raid10
  ├─md10p1              259:1    0   21M  0 md     /raid_10/partition_1
  ├─md10p2              259:2    0   22M  0 md     /raid_10/partition_2
  ├─md10p3              259:3    0   23M  0 md     /raid_10/partition_3
  └─md10p4              259:4    0   24M  0 md     /raid_10/partition_4
sdg                       8:96   0  250M  0 disk
└─md10                    9:10   0  496M  0 raid10
  ├─md10p1              259:1    0   21M  0 md     /raid_10/partition_1
  ├─md10p2              259:2    0   22M  0 md     /raid_10/partition_2
  ├─md10p3              259:3    0   23M  0 md     /raid_10/partition_3
  └─md10p4              259:4    0   24M  0 md     /raid_10/partition_4

[root@otuslinux ~]# fdisk -l

Disk /dev/sda: 42.9 GB, 42949672960 bytes, 83886080 sectors
Units = sectors of 1 * 512 = 512 bytes
Sector size (logical/physical): 512 bytes / 512 bytes
I/O size (minimum/optimal): 512 bytes / 512 bytes
Disk label type: dos
Disk identifier: 0x000b47f7

   Device Boot      Start         End      Blocks   Id  System
/dev/sda1            2048        4095        1024   83  Linux
/dev/sda2   *        4096     2101247     1048576   83  Linux
/dev/sda3         2101248    83886079    40892416   8e  Linux LVM

Disk /dev/sdb: 131 MB, 131072000 bytes, 256000 sectors
Units = sectors of 1 * 512 = 512 bytes
Sector size (logical/physical): 512 bytes / 512 bytes
I/O size (minimum/optimal): 512 bytes / 512 bytes


Disk /dev/sdc: 131 MB, 131072000 bytes, 256000 sectors
Units = sectors of 1 * 512 = 512 bytes
Sector size (logical/physical): 512 bytes / 512 bytes
I/O size (minimum/optimal): 512 bytes / 512 bytes


Disk /dev/sdd: 262 MB, 262144000 bytes, 512000 sectors
Units = sectors of 1 * 512 = 512 bytes
Sector size (logical/physical): 512 bytes / 512 bytes
I/O size (minimum/optimal): 512 bytes / 512 bytes


Disk /dev/sde: 262 MB, 262144000 bytes, 512000 sectors
Units = sectors of 1 * 512 = 512 bytes
Sector size (logical/physical): 512 bytes / 512 bytes
I/O size (minimum/optimal): 512 bytes / 512 bytes


Disk /dev/sdf: 262 MB, 262144000 bytes, 512000 sectors
Units = sectors of 1 * 512 = 512 bytes
Sector size (logical/physical): 512 bytes / 512 bytes
I/O size (minimum/optimal): 512 bytes / 512 bytes


Disk /dev/sdg: 262 MB, 262144000 bytes, 512000 sectors
Units = sectors of 1 * 512 = 512 bytes
Sector size (logical/physical): 512 bytes / 512 bytes
I/O size (minimum/optimal): 512 bytes / 512 bytes


Disk /dev/mapper/VolGroup00-LogVol00: 40.2 GB, 40231763968 bytes, 78577664 sectors
Units = sectors of 1 * 512 = 512 bytes
Sector size (logical/physical): 512 bytes / 512 bytes
I/O size (minimum/optimal): 512 bytes / 512 bytes


Disk /dev/mapper/VolGroup00-LogVol01: 1610 MB, 1610612736 bytes, 3145728 sectors
Units = sectors of 1 * 512 = 512 bytes
Sector size (logical/physical): 512 bytes / 512 bytes
I/O size (minimum/optimal): 512 bytes / 512 bytes

WARNING: fdisk GPT support is currently new, and therefore in an experimental phase. Use at your own discretion.

Disk /dev/md1: 130 MB, 130023424 bytes, 253952 sectors
Units = sectors of 1 * 512 = 512 bytes
Sector size (logical/physical): 512 bytes / 512 bytes
I/O size (minimum/optimal): 512 bytes / 512 bytes
Disk label type: gpt
Disk identifier: 76D8343A-0E71-41C3-A860-10912E2DAF31


#         Start          End    Size  Type            Name
 1         2048       247807    120M  Linux filesyste Linux filesystem
WARNING: fdisk GPT support is currently new, and therefore in an experimental phase. Use at your own discretion.

Disk /dev/md10: 520 MB, 520093696 bytes, 1015808 sectors
Units = sectors of 1 * 512 = 512 bytes
Sector size (logical/physical): 512 bytes / 512 bytes
I/O size (minimum/optimal): 524288 bytes / 1048576 bytes
Disk label type: gpt
Disk identifier: E9AFF265-526E-4EEA-BD61-996AC6ECF912


#         Start          End    Size  Type            Name
 1         2048        45055     21M  Linux filesyste Linux filesystem
 2        45056        90111     22M  Linux filesyste Linux filesystem
 3        90112       137215     23M  Linux filesyste Linux filesystem
 4       137216       186367     24M  Linux filesyste Linux filesystem
[root@otuslinux ~]# sfdisk -l

Disk /dev/sda: 5221 cylinders, 255 heads, 63 sectors/track
Units: cylinders of 8225280 bytes, blocks of 1024 bytes, counting from 0

   Device Boot Start     End   #cyls    #blocks   Id  System
/dev/sda1          0+      0-      1-      1024   83  Linux
/dev/sda2   *      0+    130-    131-   1048576   83  Linux
/dev/sda3        130+   5221-   5091-  40892416   8e  Linux LVM
/dev/sda4          0       -       0          0    0  Empty

Disk /dev/sdb: 15 cylinders, 255 heads, 63 sectors/track

Disk /dev/sdc: 15 cylinders, 255 heads, 63 sectors/track

Disk /dev/sdd: 31 cylinders, 255 heads, 63 sectors/track

Disk /dev/sde: 31 cylinders, 255 heads, 63 sectors/track

Disk /dev/sdf: 31 cylinders, 255 heads, 63 sectors/track

Disk /dev/sdg: 31 cylinders, 255 heads, 63 sectors/track

Disk /dev/mapper/VolGroup00-LogVol00: 4891 cylinders, 255 heads, 63 sectors/track

Disk /dev/mapper/VolGroup00-LogVol01: 195 cylinders, 255 heads, 63 sectors/track

Disk /dev/md1: 31744 cylinders, 2 heads, 4 sectors/track
sfdisk: Warning: The partition table looks like it was made
  for C/H/S=*/256/63 (instead of 31744/2/4).
For this listing I'll assume that geometry.

Units: cylinders of 8257536 bytes, blocks of 1024 bytes, counting from 0

   Device Boot Start     End   #cyls    #blocks   Id  System
/dev/md1p1          0+     15-     16-    126975+  ee  GPT
sfdisk: 		end: (c,h,s) expected (15,190,62) found (1023,255,63)

/dev/md1p2          0       -       0          0    0  Empty
/dev/md1p3          0       -       0          0    0  Empty
/dev/md1p4          0       -       0          0    0  Empty

Disk /dev/md10: 126976 cylinders, 2 heads, 4 sectors/track
sfdisk: Warning: The partition table looks like it was made
  for C/H/S=*/256/63 (instead of 126976/2/4).
For this listing I'll assume that geometry.

Units: cylinders of 8257536 bytes, blocks of 1024 bytes, counting from 0

   Device Boot Start     End   #cyls    #blocks   Id  System
/dev/md10p1          0+     62-     63-    507903+  ee  GPT
sfdisk: 		end: (c,h,s) expected (62,251,59) found (1023,255,63)

/dev/md10p2          0       -       0          0    0  Empty
/dev/md10p3          0       -       0          0    0  Empty
/dev/md10p4          0       -       0          0    0  Empty

[root@otuslinux ~]# cat /proc/mdstat
Personalities : [raid1] [raid10]
md10 : active raid10 sdg[3] sdf[2] sde[1] sdd[0]
      507904 blocks super 1.2 512K chunks 2 near-copies [4/4] [UUUU]

md1 : active raid1 sdc[2] sdb[0]
      126976 blocks super 1.2 [2/2] [UU]

unused devices: <none>
